// Jest Snapshot v1, https://goo.gl/fbAQLP

exports[`core.public.getDistanceTo exports 1`] = `[Function]`;
