// Jest Snapshot v1, https://goo.gl/fbAQLP

exports[`the-dag packaged correctly  exports TheDAG and TheDAGFactory 1`] = `
Object {
  "TheDAG": [Function],
  "TheDAGFactory": Object {
    "DAGs": Object {},
    "createDAG": [Function],
    "deleteDAG": [Function],
  },
}
`;
